// Jest Snapshot v1, https://goo.gl/fbAQLP

exports[`OcTableCell Uses correct element 1`] = `<th class="oc-table-cell oc-table-cell-align-right oc-table-cell-align-bottom oc-table-cell-width-shrink"></th>`;
