// Jest Snapshot v1, https://goo.gl/fbAQLP

exports[`OcProgress sets correct classes 1`] = `
<div aria-valuemax="10" aria-valuenow="3" aria-busy="true" aria-valuemin="0" role="progressbar" class="oc-progress oc-progress-small oc-progress-warning">
  <div class="oc-progress-current" style="width: 30%;"></div>
</div>
`;
