// Jest Snapshot v1, https://goo.gl/fbAQLP

exports[`OcTag uses correct component when type is specified 1`] = `<button class="oc-tag oc-tag-button"></button>`;
