// Jest Snapshot v1, https://goo.gl/fbAQLP

exports[`OcTableFiles displays all fields 1`] = `
<table class="oc-table oc-table-sticky" slots="[object Object]">
  <thead class="oc-thead">
    <tr tabindex="-1">
      <th class="oc-th oc-table-cell oc-table-cell-align-left oc-table-cell-align-bottom oc-table-cell-width-shrink oc-text-nowrap oc-table-header-cell oc-table-header-cell-select oc-pl-s " style="top: 0px;">
        <div class="oc-table-files-select-all"><span><input id="oc-table-files-select-all" type="checkbox" name="checkbox" class="oc-checkbox oc-checkbox-m" value=""> <label for="oc-table-files-select-all" class="oc-invisible-sr oc-cursor-pointer">Select all resources</label></span></div>
      </th>
      <th class="oc-th oc-table-cell oc-table-cell-align-left oc-table-cell-align-bottom oc-table-cell-width-expand oc-text-nowrap oc-table-header-cell oc-table-header-cell-name" aria-sort="none" tabindex="0" style="top: 0px;">
        Name
      </th>
      <th class="oc-th oc-table-cell oc-table-cell-align-right oc-table-cell-align-bottom oc-table-cell-width-auto oc-text-nowrap oc-table-header-cell oc-table-header-cell-size" aria-sort="none" tabindex="0" style="top: 0px;">
        Size
      </th>
      <th class="oc-th oc-table-cell oc-table-cell-align-right oc-table-cell-align-bottom oc-table-cell-width-auto oc-text-nowrap oc-table-header-cell oc-table-header-cell-sharedWith" aria-sort="none" tabindex="0" style="top: 0px;">
        Shared with
      </th>
      <th class="oc-th oc-table-cell oc-table-cell-align-right oc-table-cell-align-bottom oc-table-cell-width-auto oc-text-nowrap oc-table-header-cell oc-table-header-cell-owner" aria-sort="none" tabindex="0" style="top: 0px;">
        Share owner
      </th>
      <th class="oc-th oc-table-cell oc-table-cell-align-right oc-table-cell-align-bottom oc-table-cell-width-auto oc-text-nowrap oc-table-header-cell oc-table-header-cell-mdate" aria-sort="none" tabindex="0" style="top: 0px;">
        Modified
      </th>
      <th class="oc-th oc-table-cell oc-table-cell-align-right oc-table-cell-align-bottom oc-table-cell-width-auto oc-text-nowrap oc-table-header-cell oc-table-header-cell-sdate" aria-sort="none" tabindex="0" style="top: 0px;">
        Shared on
      </th>
      <th class="oc-th oc-table-cell oc-table-cell-align-right oc-table-cell-align-bottom oc-table-cell-width-auto oc-text-nowrap oc-table-header-cell oc-table-header-cell-ddate" aria-sort="none" tabindex="0" style="top: 0px;">
        Deleted
      </th>
      <th class="oc-th oc-table-cell oc-table-cell-align-right oc-table-cell-align-bottom oc-table-cell-width-auto oc-text-nowrap oc-table-header-cell oc-table-header-cell-actions oc-pr-s" style="top: 0px;">
        Actions
      </th>
    </tr>
  </thead>
  <tbody>
    <tr tabindex="-1" class="oc-tbody-tr oc-tbody-tr-forest" style="height: 64px;">
      <td class="oc-td oc-table-cell oc-table-cell-align-left oc-table-cell-align-middle oc-table-cell-width-shrink oc-table-data-cell oc-table-data-cell-select oc-pl-s "><span><input id="oc-table-files-select-forest" type="checkbox" name="checkbox" class="oc-checkbox oc-checkbox-l" value="[object Object]"> <label for="oc-table-files-select-forest" class="oc-invisible-sr oc-cursor-pointer">Select file</label></span></td>
      <td class="oc-td oc-table-cell oc-table-cell-align-left oc-table-cell-align-middle oc-table-cell-width-expand oc-text-truncate oc-table-data-cell oc-table-data-cell-name">
        <div class="oc-resource oc-text-overflow"><img src="https://cdn.pixabay.com/photo/2015/09/09/16/05/forest-931706_960_720.jpg" alt="" aria-hidden="true" width="40" height="40" class="oc-resource-preview">
          <div class="oc-resource-details oc-text-overflow"><button class="oc-text-overflow oc-button oc-button-m oc-button-justify-content-center oc-button-gap-undefined oc-button-passive oc-button-passive-raw">
              <!----> <span resource-path="images/nature/forest.jpg" resource-name="forest.jpg" resource-type="file" class="oc-resource-name oc-text-truncate"><!----><span class="oc-resource-basename">forest.jpg</span>
              <!----></span>
            </button>
            <div class="oc-resource-indicators">
              <div class="oc-status-indicators"><button aria-label="Shared with other people" class="oc-status-indicators-indicator oc-button oc-button-m oc-button-justify-content-center oc-button-gap-m oc-button-passive oc-button-passive-raw" id="files-sharing" aria-expanded="false"><span class="oc-icon oc-icon-m oc-icon-passive"><svg aria-hidden="true" focusable="false">6:1: text data outside of root node.</svg></span></button>
                <!----><span class="oc-status-indicators-indicator oc-icon oc-icon-m oc-icon-passive" id="file-link" tabindex="-1" aria-expanded="false"><svg aria-labelledby="oc-icon-title-1"><title xmlns="http://www.w3.org/1999/xhtml" id="oc-icon-title-1">Shared via link</title>6:1: text data outside of root node.</svg></span>
                <!---->
              </div>
            </div>
          </div>
        </div>
      </td>
      <td class="oc-td oc-table-cell oc-table-cell-align-right oc-table-cell-align-middle oc-table-cell-width-auto oc-text-nowrap oc-table-data-cell oc-table-data-cell-size"><span class="oc-resource-size">105.9 MB</span></td>
      <td class="oc-td oc-table-cell oc-table-cell-align-right oc-table-cell-align-middle oc-table-cell-width-auto oc-text-nowrap oc-table-data-cell oc-table-data-cell-sharedWith">
        <div class="oc-avatar-group oc-table-files-people oc-avatar-group-stacked" aria-expanded="false"><img loading="lazy" width="30" src="https://images.unsplash.com/photo-1610216705422-caa3fcb6d158?ixid=MXwxMjA3fDB8MHxzZWFyY2h8MTB8fGZhY2V8ZW58MHwyfDB8&amp;ixlib=rb-1.2.1&amp;auto=format&amp;fit=crop&amp;w=800&amp;q=60" class="oc-avatar" style="display: flex; height: auto; border-radius: 50%; align-items: center; justify-content: center; user-select: none;"><img loading="lazy" width="30" src="https://images.unsplash.com/photo-1584308972272-9e4e7685e80f?ixid=MXwxMjA3fDB8MHxzZWFyY2h8Mzh8fGZhY2V8ZW58MHwyfDB8&amp;ixlib=rb-1.2.1&amp;auto=format&amp;fit=crop&amp;w=800&amp;q=60" class="oc-avatar" style="display: flex; height: auto; border-radius: 50%; align-items: center; justify-content: center; user-select: none;"><span class="vue-avatar--wrapper oc-avatar" style="display: flex; width: 30px; height: 30px; border-radius: 50%; align-items: center; justify-content: center; text-align: center; user-select: none; background-color: rgb(63, 81, 181); font: sans-serif; color: rgb(143, 161, 255);" aria-label="John Richards Emperor of long names" role="img"><!----> <span>J</span></span>
          <!---->
          <!---->
        </div>
      </td>
      <td class="oc-td oc-table-cell oc-table-cell-align-right oc-table-cell-align-middle oc-table-cell-width-auto oc-text-nowrap oc-table-data-cell oc-table-data-cell-owner">
        <div class="oc-avatar-group oc-table-files-people" aria-expanded="false"><img loading="lazy" width="30" src="https://images.unsplash.com/photo-1610216705422-caa3fcb6d158?ixid=MXwxMjA3fDB8MHxzZWFyY2h8MTB8fGZhY2V8ZW58MHwyfDB8&amp;ixlib=rb-1.2.1&amp;auto=format&amp;fit=crop&amp;w=800&amp;q=60" class="oc-avatar" style="display: flex; height: auto; border-radius: 50%; align-items: center; justify-content: center; user-select: none;">
          <!---->
          <!---->
        </div>
      </td>
      <td class="oc-td oc-table-cell oc-table-cell-align-right oc-table-cell-align-middle oc-table-cell-width-auto oc-text-nowrap oc-table-data-cell oc-table-data-cell-mdate">
        1 day ago
      </td>
      <td class="oc-td oc-table-cell oc-table-cell-align-right oc-table-cell-align-middle oc-table-cell-width-auto oc-text-nowrap oc-table-data-cell oc-table-data-cell-sdate">
        1 day ago
      </td>
      <td class="oc-td oc-table-cell oc-table-cell-align-right oc-table-cell-align-middle oc-table-cell-width-auto oc-text-nowrap oc-table-data-cell oc-table-data-cell-ddate">
        1 day ago
      </td>
      <td class="oc-td oc-table-cell oc-table-cell-align-right oc-table-cell-align-middle oc-table-cell-width-auto oc-text-nowrap oc-table-data-cell oc-table-data-cell-actions oc-pr-s">
        <div class="oc-table-files-actions"> <button aria-label="Show details" class="oc-table-files-btn-show-details oc-button oc-button-m oc-button-justify-content-center oc-button-gap-m oc-button-passive oc-button-passive-raw"><span class="oc-icon oc-icon-m oc-icon-passive"><svg aria-hidden="true" focusable="false">6:1: text data outside of root node.</svg></span></button></div>
      </td>
    </tr>
    <tr tabindex="-1" class="oc-tbody-tr oc-tbody-tr-notes" style="height: 64px;">
      <td class="oc-td oc-table-cell oc-table-cell-align-left oc-table-cell-align-middle oc-table-cell-width-shrink oc-table-data-cell oc-table-data-cell-select oc-pl-s "><span><input id="oc-table-files-select-notes" type="checkbox" name="checkbox" class="oc-checkbox oc-checkbox-l" value="[object Object]"> <label for="oc-table-files-select-notes" class="oc-invisible-sr oc-cursor-pointer">Select file</label></span></td>
      <td class="oc-td oc-table-cell oc-table-cell-align-left oc-table-cell-align-middle oc-table-cell-width-expand oc-text-truncate oc-table-data-cell oc-table-data-cell-name">
        <div class="oc-resource oc-text-overflow"><span class="oc-icon oc-icon-l oc-icon-passive"><svg aria-hidden="true" focusable="false">6:1: text data outside of root node.</svg></span>
          <div class="oc-resource-details oc-text-overflow"><button class="oc-text-overflow oc-button oc-button-m oc-button-justify-content-center oc-button-gap-undefined oc-button-passive oc-button-passive-raw">
              <!----> <span resource-path="/Documents/notes.txt" resource-name="notes.txt" resource-type="file" class="oc-resource-name oc-text-truncate"><!----><span class="oc-resource-basename">notes.txt</span>
              <!----></span>
            </button>
            <div class="oc-resource-indicators">
              <div class="oc-status-indicators"><button aria-label="Shared with other people" class="oc-status-indicators-indicator oc-button oc-button-m oc-button-justify-content-center oc-button-gap-m oc-button-passive oc-button-passive-raw" id="files-sharing" aria-expanded="false"><span class="oc-icon oc-icon-m oc-icon-passive"><svg aria-hidden="true" focusable="false">6:1: text data outside of root node.</svg></span></button>
                <!----><span class="oc-status-indicators-indicator oc-icon oc-icon-m oc-icon-passive" id="file-link" tabindex="-1" aria-expanded="false"><svg aria-labelledby="oc-icon-title-2"><title xmlns="http://www.w3.org/1999/xhtml" id="oc-icon-title-2">Shared via link</title>6:1: text data outside of root node.</svg></span>
                <!---->
              </div>
            </div>
          </div>
        </div>
      </td>
      <td class="oc-td oc-table-cell oc-table-cell-align-right oc-table-cell-align-middle oc-table-cell-width-auto oc-text-nowrap oc-table-data-cell oc-table-data-cell-size"><span class="oc-resource-size">?</span></td>
      <td class="oc-td oc-table-cell oc-table-cell-align-right oc-table-cell-align-middle oc-table-cell-width-auto oc-text-nowrap oc-table-data-cell oc-table-data-cell-sharedWith">
        <div class="oc-avatar-group oc-table-files-people oc-avatar-group-stacked" aria-expanded="false"><img loading="lazy" width="30" src="https://images.unsplash.com/photo-1610216705422-caa3fcb6d158?ixid=MXwxMjA3fDB8MHxzZWFyY2h8MTB8fGZhY2V8ZW58MHwyfDB8&amp;ixlib=rb-1.2.1&amp;auto=format&amp;fit=crop&amp;w=800&amp;q=60" class="oc-avatar" style="display: flex; height: auto; border-radius: 50%; align-items: center; justify-content: center; user-select: none;"><img loading="lazy" width="30" src="https://images.unsplash.com/photo-1584308972272-9e4e7685e80f?ixid=MXwxMjA3fDB8MHxzZWFyY2h8Mzh8fGZhY2V8ZW58MHwyfDB8&amp;ixlib=rb-1.2.1&amp;auto=format&amp;fit=crop&amp;w=800&amp;q=60" class="oc-avatar" style="display: flex; height: auto; border-radius: 50%; align-items: center; justify-content: center; user-select: none;"><span class="vue-avatar--wrapper oc-avatar" style="display: flex; width: 30px; height: 30px; border-radius: 50%; align-items: center; justify-content: center; text-align: center; user-select: none; background-color: rgb(63, 81, 181); font: sans-serif; color: rgb(143, 161, 255);" aria-label="John Richards Emperor of long names" role="img"><!----> <span>J</span></span>
          <!---->
          <!---->
        </div>
      </td>
      <td class="oc-td oc-table-cell oc-table-cell-align-right oc-table-cell-align-middle oc-table-cell-width-auto oc-text-nowrap oc-table-data-cell oc-table-data-cell-owner">
        <div class="oc-avatar-group oc-table-files-people" aria-expanded="false"><img loading="lazy" width="30" src="https://images.unsplash.com/photo-1610216705422-caa3fcb6d158?ixid=MXwxMjA3fDB8MHxzZWFyY2h8MTB8fGZhY2V8ZW58MHwyfDB8&amp;ixlib=rb-1.2.1&amp;auto=format&amp;fit=crop&amp;w=800&amp;q=60" class="oc-avatar" style="display: flex; height: auto; border-radius: 50%; align-items: center; justify-content: center; user-select: none;">
          <!---->
          <!---->
        </div>
      </td>
      <td class="oc-td oc-table-cell oc-table-cell-align-right oc-table-cell-align-middle oc-table-cell-width-auto oc-text-nowrap oc-table-data-cell oc-table-data-cell-mdate">
        1 day ago
      </td>
      <td class="oc-td oc-table-cell oc-table-cell-align-right oc-table-cell-align-middle oc-table-cell-width-auto oc-text-nowrap oc-table-data-cell oc-table-data-cell-sdate">
        1 day ago
      </td>
      <td class="oc-td oc-table-cell oc-table-cell-align-right oc-table-cell-align-middle oc-table-cell-width-auto oc-text-nowrap oc-table-data-cell oc-table-data-cell-ddate">
        1 day ago
      </td>
      <td class="oc-td oc-table-cell oc-table-cell-align-right oc-table-cell-align-middle oc-table-cell-width-auto oc-text-nowrap oc-table-data-cell oc-table-data-cell-actions oc-pr-s">
        <div class="oc-table-files-actions"> <button aria-label="Show details" class="oc-table-files-btn-show-details oc-button oc-button-m oc-button-justify-content-center oc-button-gap-m oc-button-passive oc-button-passive-raw"><span class="oc-icon oc-icon-m oc-icon-passive"><svg aria-hidden="true" focusable="false">6:1: text data outside of root node.</svg></span></button></div>
      </td>
    </tr>
    <tr tabindex="-1" class="oc-tbody-tr oc-tbody-tr-documents" style="height: 64px;">
      <td class="oc-td oc-table-cell oc-table-cell-align-left oc-table-cell-align-middle oc-table-cell-width-shrink oc-table-data-cell oc-table-data-cell-select oc-pl-s "><span><input id="oc-table-files-select-documents" type="checkbox" name="checkbox" class="oc-checkbox oc-checkbox-l" value="[object Object]"> <label for="oc-table-files-select-documents" class="oc-invisible-sr oc-cursor-pointer">Select folder</label></span></td>
      <td class="oc-td oc-table-cell oc-table-cell-align-left oc-table-cell-align-middle oc-table-cell-width-expand oc-text-truncate oc-table-data-cell oc-table-data-cell-name">
        <div class="oc-resource oc-text-overflow"><span class="oc-icon oc-icon-l oc-icon-passive"><svg aria-hidden="true" focusable="false">6:1: text data outside of root node.</svg></span>
          <div class="oc-resource-details oc-text-overflow"><a class="oc-text-overflow">
              <!----> <span resource-path="/Documents" resource-name="Documents" resource-type="folder" class="oc-resource-name oc-text-truncate"><!----><span class="oc-resource-basename">Documents</span>
              <!----></span>
            </a>
            <div class="oc-resource-indicators">
              <div class="oc-status-indicators"><button aria-label="Shared with other people" class="oc-status-indicators-indicator oc-button oc-button-m oc-button-justify-content-center oc-button-gap-m oc-button-passive oc-button-passive-raw" id="files-sharing" aria-expanded="false"><span class="oc-icon oc-icon-m oc-icon-passive"><svg aria-hidden="true" focusable="false">6:1: text data outside of root node.</svg></span></button>
                <!----><span class="oc-status-indicators-indicator oc-icon oc-icon-m oc-icon-passive" id="file-link" tabindex="-1" aria-expanded="false"><svg aria-labelledby="oc-icon-title-3"><title xmlns="http://www.w3.org/1999/xhtml" id="oc-icon-title-3">Shared via link</title>6:1: text data outside of root node.</svg></span>
                <!---->
              </div>
            </div>
          </div>
        </div>
      </td>
      <td class="oc-td oc-table-cell oc-table-cell-align-right oc-table-cell-align-middle oc-table-cell-width-auto oc-text-nowrap oc-table-data-cell oc-table-data-cell-size"><span class="oc-resource-size"></span></td>
      <td class="oc-td oc-table-cell oc-table-cell-align-right oc-table-cell-align-middle oc-table-cell-width-auto oc-text-nowrap oc-table-data-cell oc-table-data-cell-sharedWith">
        <div class="oc-avatar-group oc-table-files-people oc-avatar-group-stacked" aria-expanded="false"><img loading="lazy" width="30" src="https://images.unsplash.com/photo-1610216705422-caa3fcb6d158?ixid=MXwxMjA3fDB8MHxzZWFyY2h8MTB8fGZhY2V8ZW58MHwyfDB8&amp;ixlib=rb-1.2.1&amp;auto=format&amp;fit=crop&amp;w=800&amp;q=60" class="oc-avatar" style="display: flex; height: auto; border-radius: 50%; align-items: center; justify-content: center; user-select: none;"><img loading="lazy" width="30" src="https://images.unsplash.com/photo-1584308972272-9e4e7685e80f?ixid=MXwxMjA3fDB8MHxzZWFyY2h8Mzh8fGZhY2V8ZW58MHwyfDB8&amp;ixlib=rb-1.2.1&amp;auto=format&amp;fit=crop&amp;w=800&amp;q=60" class="oc-avatar" style="display: flex; height: auto; border-radius: 50%; align-items: center; justify-content: center; user-select: none;"><span class="vue-avatar--wrapper oc-avatar" style="display: flex; width: 30px; height: 30px; border-radius: 50%; align-items: center; justify-content: center; text-align: center; user-select: none; background-color: rgb(63, 81, 181); font: sans-serif; color: rgb(143, 161, 255);" aria-label="John Richards Emperor of long names" role="img"><!----> <span>J</span></span>
          <!---->
          <!---->
        </div>
      </td>
      <td class="oc-td oc-table-cell oc-table-cell-align-right oc-table-cell-align-middle oc-table-cell-width-auto oc-text-nowrap oc-table-data-cell oc-table-data-cell-owner">
        <div class="oc-avatar-group oc-table-files-people" aria-expanded="false"><img loading="lazy" width="30" src="https://images.unsplash.com/photo-1610216705422-caa3fcb6d158?ixid=MXwxMjA3fDB8MHxzZWFyY2h8MTB8fGZhY2V8ZW58MHwyfDB8&amp;ixlib=rb-1.2.1&amp;auto=format&amp;fit=crop&amp;w=800&amp;q=60" class="oc-avatar" style="display: flex; height: auto; border-radius: 50%; align-items: center; justify-content: center; user-select: none;">
          <!---->
          <!---->
        </div>
      </td>
      <td class="oc-td oc-table-cell oc-table-cell-align-right oc-table-cell-align-middle oc-table-cell-width-auto oc-text-nowrap oc-table-data-cell oc-table-data-cell-mdate">
        1 day ago
      </td>
      <td class="oc-td oc-table-cell oc-table-cell-align-right oc-table-cell-align-middle oc-table-cell-width-auto oc-text-nowrap oc-table-data-cell oc-table-data-cell-sdate">
        1 day ago
      </td>
      <td class="oc-td oc-table-cell oc-table-cell-align-right oc-table-cell-align-middle oc-table-cell-width-auto oc-text-nowrap oc-table-data-cell oc-table-data-cell-ddate">
        1 day ago
      </td>
      <td class="oc-td oc-table-cell oc-table-cell-align-right oc-table-cell-align-middle oc-table-cell-width-auto oc-text-nowrap oc-table-data-cell oc-table-data-cell-actions oc-pr-s">
        <div class="oc-table-files-actions"> <button aria-label="Show details" class="oc-table-files-btn-show-details oc-button oc-button-m oc-button-justify-content-center oc-button-gap-m oc-button-passive oc-button-passive-raw"><span class="oc-icon oc-icon-m oc-icon-passive"><svg aria-hidden="true" focusable="false">6:1: text data outside of root node.</svg></span></button></div>
      </td>
    </tr>
  </tbody>
  <!---->
</table>
`;
